10-08-2025 10:17:09 - INFO - Weather info has been fetched successfully : 200
10-08-2025 10:35:14 - INFO - Weather info has been fetched successfully : 200
10-08-2025 10:35:16 - INFO - Snowflake connection established successfully!
10-08-2025 10:38:35 - INFO - Weather info has been fetched successfully : 200
10-08-2025 10:38:37 - INFO - Snowflake connection established successfully!
10-08-2025 10:43:23 - INFO - Weather info has been fetched successfully : 200
10-08-2025 10:43:25 - INFO - Snowflake connection established successfully!
10-08-2025 10:45:16 - INFO - Weather info has been fetched successfully : 200
10-08-2025 10:45:17 - INFO - Snowflake connection established successfully!
10-08-2025 10:45:18 - INFO - Data has been loaded successfully
10-08-2025 10:51:20 - INFO - Weather info has been fetched successfully : 200
10-08-2025 10:51:21 - INFO - Snowflake connection established successfully!
10-08-2025 10:51:22 - INFO - Data has been loaded successfully
10-08-2025 11:06:12 - INFO - Weather info has been fetched successfully : 200
10-08-2025 11:06:13 - INFO - Snowflake connection established successfully!
10-08-2025 11:06:14 - INFO - Data has been loaded successfully
10-08-2025 11:12:32 - INFO - Weather info has been fetched successfully : 200
10-08-2025 11:12:33 - INFO - Snowflake connection established successfully!
10-08-2025 11:12:33 - INFO - Data has been loaded successfully
10-08-2025 11:29:35 - INFO - Weather info has been fetched successfully : 200
10-08-2025 11:29:36 - INFO - Snowflake connection established successfully!
10-08-2025 11:29:36 - INFO - Data has been loaded successfully
10-08-2025 14:04:37 - INFO - Weather info has been fetched successfully : 200
10-08-2025 14:04:37 - INFO - Snowflake connection established successfully!
10-08-2025 14:04:38 - INFO - Data has been loaded successfully
